{
  "name": "Golden.mp3",
  "artist": "HUNTR/X/EJAE/AUDREY NUNA/REI AMI/KPop Demon Hunters Cast",
  "album": "KPop Demon Hunters (Soundtrack from the Netflix Film)",
  "size": 7902332,
  "created": 1758685161.0796077,
  "modified": 1758602376.4007814,
  "path": "C:\\Users\\Voltr\\Downloads\\SpotiDownloader.com - Today\u2019s Top Hits\\Golden.mp3"
}